Archive member included because of file (symbol)

d:/avr diploma/tools/03-imt sdk/03- imt sdk/imt_sdk_win_64/winavr/bin/../lib/gcc/avr/4.3.3/avr5\libgcc.a(_mulsi3.o)
                              ./SERVO_program.o (__mulsi3)
d:/avr diploma/tools/03-imt sdk/03- imt sdk/imt_sdk_win_64/winavr/bin/../lib/gcc/avr/4.3.3/avr5\libgcc.a(_udivmodhi4.o)
                              ./CLCD_program.o (__udivmodhi4)
d:/avr diploma/tools/03-imt sdk/03- imt sdk/imt_sdk_win_64/winavr/bin/../lib/gcc/avr/4.3.3/avr5\libgcc.a(_udivmodsi4.o)
                              ./SERVO_program.o (__udivmodsi4)
d:/avr diploma/tools/03-imt sdk/03- imt sdk/imt_sdk_win_64/winavr/bin/../lib/gcc/avr/4.3.3/avr5\libgcc.a(_exit.o)
                              d:/avr diploma/tools/03-imt sdk/03- imt sdk/imt_sdk_win_64/winavr/bin/../lib/gcc/avr/4.3.3/../../../../avr/lib/avr5/crtm32.o (exit)
d:/avr diploma/tools/03-imt sdk/03- imt sdk/imt_sdk_win_64/winavr/bin/../lib/gcc/avr/4.3.3/avr5\libgcc.a(_copy_data.o)
                              ./UART_program.o (__do_copy_data)
d:/avr diploma/tools/03-imt sdk/03- imt sdk/imt_sdk_win_64/winavr/bin/../lib/gcc/avr/4.3.3/avr5\libgcc.a(_clear_bss.o)
                              ./ANALOG_program.o (__do_clear_bss)
d:/avr diploma/tools/03-imt sdk/03- imt sdk/imt_sdk_win_64/winavr/bin/../lib/gcc/avr/4.3.3/avr5\libgcc.a(_fixunssfsi.o)
                              ./CLCD_program.o (__fixunssfsi)
d:/avr diploma/tools/03-imt sdk/03- imt sdk/imt_sdk_win_64/winavr/bin/../lib/gcc/avr/4.3.3/avr5\libgcc.a(_addsub_sf.o)
                              d:/avr diploma/tools/03-imt sdk/03- imt sdk/imt_sdk_win_64/winavr/bin/../lib/gcc/avr/4.3.3/avr5\libgcc.a(_fixunssfsi.o) (__subsf3)
d:/avr diploma/tools/03-imt sdk/03- imt sdk/imt_sdk_win_64/winavr/bin/../lib/gcc/avr/4.3.3/avr5\libgcc.a(_mul_sf.o)
                              ./CLCD_program.o (__mulsf3)
d:/avr diploma/tools/03-imt sdk/03- imt sdk/imt_sdk_win_64/winavr/bin/../lib/gcc/avr/4.3.3/avr5\libgcc.a(_div_sf.o)
                              ./US_program.o (__divsf3)
d:/avr diploma/tools/03-imt sdk/03- imt sdk/imt_sdk_win_64/winavr/bin/../lib/gcc/avr/4.3.3/avr5\libgcc.a(_gt_sf.o)
                              ./CLCD_program.o (__gtsf2)
d:/avr diploma/tools/03-imt sdk/03- imt sdk/imt_sdk_win_64/winavr/bin/../lib/gcc/avr/4.3.3/avr5\libgcc.a(_ge_sf.o)
                              ./main.o (__gesf2)
d:/avr diploma/tools/03-imt sdk/03- imt sdk/imt_sdk_win_64/winavr/bin/../lib/gcc/avr/4.3.3/avr5\libgcc.a(_lt_sf.o)
                              ./CLCD_program.o (__ltsf2)
d:/avr diploma/tools/03-imt sdk/03- imt sdk/imt_sdk_win_64/winavr/bin/../lib/gcc/avr/4.3.3/avr5\libgcc.a(_le_sf.o)
                              ./main.o (__lesf2)
d:/avr diploma/tools/03-imt sdk/03- imt sdk/imt_sdk_win_64/winavr/bin/../lib/gcc/avr/4.3.3/avr5\libgcc.a(_sf_to_si.o)
                              d:/avr diploma/tools/03-imt sdk/03- imt sdk/imt_sdk_win_64/winavr/bin/../lib/gcc/avr/4.3.3/avr5\libgcc.a(_fixunssfsi.o) (__fixsfsi)
d:/avr diploma/tools/03-imt sdk/03- imt sdk/imt_sdk_win_64/winavr/bin/../lib/gcc/avr/4.3.3/avr5\libgcc.a(_thenan_sf.o)
                              d:/avr diploma/tools/03-imt sdk/03- imt sdk/imt_sdk_win_64/winavr/bin/../lib/gcc/avr/4.3.3/avr5\libgcc.a(_addsub_sf.o) (__thenan_sf)
d:/avr diploma/tools/03-imt sdk/03- imt sdk/imt_sdk_win_64/winavr/bin/../lib/gcc/avr/4.3.3/avr5\libgcc.a(_prologue.o)
                              d:/avr diploma/tools/03-imt sdk/03- imt sdk/imt_sdk_win_64/winavr/bin/../lib/gcc/avr/4.3.3/avr5\libgcc.a(_addsub_sf.o) (__prologue_saves__)
d:/avr diploma/tools/03-imt sdk/03- imt sdk/imt_sdk_win_64/winavr/bin/../lib/gcc/avr/4.3.3/avr5\libgcc.a(_epilogue.o)
                              d:/avr diploma/tools/03-imt sdk/03- imt sdk/imt_sdk_win_64/winavr/bin/../lib/gcc/avr/4.3.3/avr5\libgcc.a(_addsub_sf.o) (__epilogue_restores__)
d:/avr diploma/tools/03-imt sdk/03- imt sdk/imt_sdk_win_64/winavr/bin/../lib/gcc/avr/4.3.3/avr5\libgcc.a(_pack_sf.o)
                              d:/avr diploma/tools/03-imt sdk/03- imt sdk/imt_sdk_win_64/winavr/bin/../lib/gcc/avr/4.3.3/avr5\libgcc.a(_addsub_sf.o) (__pack_f)
d:/avr diploma/tools/03-imt sdk/03- imt sdk/imt_sdk_win_64/winavr/bin/../lib/gcc/avr/4.3.3/avr5\libgcc.a(_unpack_sf.o)
                              d:/avr diploma/tools/03-imt sdk/03- imt sdk/imt_sdk_win_64/winavr/bin/../lib/gcc/avr/4.3.3/avr5\libgcc.a(_addsub_sf.o) (__unpack_f)
d:/avr diploma/tools/03-imt sdk/03- imt sdk/imt_sdk_win_64/winavr/bin/../lib/gcc/avr/4.3.3/avr5\libgcc.a(_fpcmp_parts_sf.o)
                              d:/avr diploma/tools/03-imt sdk/03- imt sdk/imt_sdk_win_64/winavr/bin/../lib/gcc/avr/4.3.3/avr5\libgcc.a(_gt_sf.o) (__fpcmp_parts_f)

Memory Configuration

Name             Origin             Length             Attributes
text             0x00000000         0x00020000         xr
data             0x00800060         0x0000ffa0         rw !x
eeprom           0x00810000         0x00010000         rw !x
fuse             0x00820000         0x00000400         rw !x
lock             0x00830000         0x00000400         rw !x
signature        0x00840000         0x00000400         rw !x
*default*        0x00000000         0xffffffff

Linker script and memory map

LOAD d:/avr diploma/tools/03-imt sdk/03- imt sdk/imt_sdk_win_64/winavr/bin/../lib/gcc/avr/4.3.3/../../../../avr/lib/avr5/crtm32.o
LOAD ./ANALOG_program.o
LOAD ./CLCD_program.o
LOAD ./DIO_program.o
LOAD ./EEPROM_program.o
LOAD ./EXTI_program.o
LOAD ./GI_program.o
LOAD ./SERVO_program.o
LOAD ./TIMER0_program.o
LOAD ./TIMER1_program.o
LOAD ./TIMER2_program.o
LOAD ./TWI_program.o
LOAD ./UART_program.o
LOAD ./US_program.o
LOAD ./main.o
LOAD d:/avr diploma/tools/03-imt sdk/03- imt sdk/imt_sdk_win_64/winavr/bin/../lib/gcc/avr/4.3.3/avr5\libgcc.a
LOAD d:/avr diploma/tools/03-imt sdk/03- imt sdk/imt_sdk_win_64/winavr/bin/../lib/gcc/avr/4.3.3/../../../../avr/lib/avr5\libc.a
LOAD d:/avr diploma/tools/03-imt sdk/03- imt sdk/imt_sdk_win_64/winavr/bin/../lib/gcc/avr/4.3.3/avr5\libgcc.a

.hash
 *(.hash)

.dynsym
 *(.dynsym)

.dynstr
 *(.dynstr)

.gnu.version
 *(.gnu.version)

.gnu.version_d
 *(.gnu.version_d)

.gnu.version_r
 *(.gnu.version_r)

.rel.init
 *(.rel.init)

.rela.init
 *(.rela.init)

.rel.text
 *(.rel.text)
 *(.rel.text.*)
 *(.rel.gnu.linkonce.t*)

.rela.text
 *(.rela.text)
 *(.rela.text.*)
 *(.rela.gnu.linkonce.t*)

.rel.fini
 *(.rel.fini)

.rela.fini
 *(.rela.fini)

.rel.rodata
 *(.rel.rodata)
 *(.rel.rodata.*)
 *(.rel.gnu.linkonce.r*)

.rela.rodata
 *(.rela.rodata)
 *(.rela.rodata.*)
 *(.rela.gnu.linkonce.r*)

.rel.data
 *(.rel.data)
 *(.rel.data.*)
 *(.rel.gnu.linkonce.d*)

.rela.data
 *(.rela.data)
 *(.rela.data.*)
 *(.rela.gnu.linkonce.d*)

.rel.ctors
 *(.rel.ctors)

.rela.ctors
 *(.rela.ctors)

.rel.dtors
 *(.rel.dtors)

.rela.dtors
 *(.rela.dtors)

.rel.got
 *(.rel.got)

.rela.got
 *(.rela.got)

.rel.bss
 *(.rel.bss)

.rela.bss
 *(.rela.bss)

.rel.plt
 *(.rel.plt)

.rela.plt
 *(.rela.plt)

.text           0x00000000     0x4a82
 *(.vectors)
 .vectors       0x00000000       0x54 d:/avr diploma/tools/03-imt sdk/03- imt sdk/imt_sdk_win_64/winavr/bin/../lib/gcc/avr/4.3.3/../../../../avr/lib/avr5/crtm32.o
                0x00000000                __vectors
                0x00000000                __vector_default
 *(.vectors)
 *(.progmem.gcc*)
 *(.progmem*)
                0x00000054                . = ALIGN (0x2)
                0x00000054                __trampolines_start = .
 *(.trampolines)
 .trampolines   0x00000054        0x0 linker stubs
 *(.trampolines*)
                0x00000054                __trampolines_end = .
 *(.jumptables)
 *(.jumptables*)
 *(.lowtext)
 *(.lowtext*)
                0x00000054                __ctors_start = .
 *(.ctors)
                0x00000054                __ctors_end = .
                0x00000054                __dtors_start = .
 *(.dtors)
                0x00000054                __dtors_end = .
 SORT(*)(.ctors)
 SORT(*)(.dtors)
 *(.init0)
 .init0         0x00000054        0x0 d:/avr diploma/tools/03-imt sdk/03- imt sdk/imt_sdk_win_64/winavr/bin/../lib/gcc/avr/4.3.3/../../../../avr/lib/avr5/crtm32.o
                0x00000054                __init
 *(.init0)
 *(.init1)
 *(.init1)
 *(.init2)
 .init2         0x00000054        0xc d:/avr diploma/tools/03-imt sdk/03- imt sdk/imt_sdk_win_64/winavr/bin/../lib/gcc/avr/4.3.3/../../../../avr/lib/avr5/crtm32.o
 *(.init2)
 *(.init3)
 *(.init3)
 *(.init4)
 .init4         0x00000060       0x16 d:/avr diploma/tools/03-imt sdk/03- imt sdk/imt_sdk_win_64/winavr/bin/../lib/gcc/avr/4.3.3/avr5\libgcc.a(_copy_data.o)
                0x00000060                __do_copy_data
 .init4         0x00000076       0x10 d:/avr diploma/tools/03-imt sdk/03- imt sdk/imt_sdk_win_64/winavr/bin/../lib/gcc/avr/4.3.3/avr5\libgcc.a(_clear_bss.o)
                0x00000076                __do_clear_bss
 *(.init4)
 *(.init5)
 *(.init5)
 *(.init6)
 *(.init6)
 *(.init7)
 *(.init7)
 *(.init8)
 *(.init8)
 *(.init9)
 .init9         0x00000086        0x8 d:/avr diploma/tools/03-imt sdk/03- imt sdk/imt_sdk_win_64/winavr/bin/../lib/gcc/avr/4.3.3/../../../../avr/lib/avr5/crtm32.o
 *(.init9)
 *(.text)
 .text          0x0000008e        0x4 d:/avr diploma/tools/03-imt sdk/03- imt sdk/imt_sdk_win_64/winavr/bin/../lib/gcc/avr/4.3.3/../../../../avr/lib/avr5/crtm32.o
                0x0000008e                __vector_12
                0x0000008e                __bad_interrupt
                0x0000008e                __vector_6
                0x0000008e                __vector_17
                0x0000008e                __vector_19
                0x0000008e                __vector_7
                0x0000008e                __vector_9
                0x0000008e                __vector_15
                0x0000008e                __vector_8
                0x0000008e                __vector_16
                0x0000008e                __vector_18
                0x0000008e                __vector_20
 .text          0x00000092        0x0 ./ANALOG_program.o
 .text          0x00000092        0x0 ./CLCD_program.o
 .text          0x00000092        0x0 ./DIO_program.o
 .text          0x00000092        0x0 ./EEPROM_program.o
 .text          0x00000092        0x0 ./EXTI_program.o
 .text          0x00000092        0x0 ./GI_program.o
 .text          0x00000092        0x0 ./SERVO_program.o
 .text          0x00000092        0x0 ./TIMER0_program.o
 .text          0x00000092        0x0 ./TIMER1_program.o
 .text          0x00000092        0x0 ./TIMER2_program.o
 .text          0x00000092        0x0 ./TWI_program.o
 .text          0x00000092        0x0 ./UART_program.o
 .text          0x00000092        0x0 ./US_program.o
 .text          0x00000092        0x0 ./main.o
 .text          0x00000092        0x0 d:/avr diploma/tools/03-imt sdk/03- imt sdk/imt_sdk_win_64/winavr/bin/../lib/gcc/avr/4.3.3/avr5\libgcc.a(_mulsi3.o)
 .text          0x00000092        0x0 d:/avr diploma/tools/03-imt sdk/03- imt sdk/imt_sdk_win_64/winavr/bin/../lib/gcc/avr/4.3.3/avr5\libgcc.a(_udivmodhi4.o)
 .text          0x00000092        0x0 d:/avr diploma/tools/03-imt sdk/03- imt sdk/imt_sdk_win_64/winavr/bin/../lib/gcc/avr/4.3.3/avr5\libgcc.a(_udivmodsi4.o)
 .text          0x00000092        0x0 d:/avr diploma/tools/03-imt sdk/03- imt sdk/imt_sdk_win_64/winavr/bin/../lib/gcc/avr/4.3.3/avr5\libgcc.a(_exit.o)
 .text          0x00000092        0x0 d:/avr diploma/tools/03-imt sdk/03- imt sdk/imt_sdk_win_64/winavr/bin/../lib/gcc/avr/4.3.3/avr5\libgcc.a(_copy_data.o)
 .text          0x00000092        0x0 d:/avr diploma/tools/03-imt sdk/03- imt sdk/imt_sdk_win_64/winavr/bin/../lib/gcc/avr/4.3.3/avr5\libgcc.a(_clear_bss.o)
 .text          0x00000092       0x58 d:/avr diploma/tools/03-imt sdk/03- imt sdk/imt_sdk_win_64/winavr/bin/../lib/gcc/avr/4.3.3/avr5\libgcc.a(_fixunssfsi.o)
                0x00000092                __fixunssfsi
 .text          0x000000ea      0x354 d:/avr diploma/tools/03-imt sdk/03- imt sdk/imt_sdk_win_64/winavr/bin/../lib/gcc/avr/4.3.3/avr5\libgcc.a(_addsub_sf.o)
                0x00000382                __subsf3
                0x000003e4                __addsf3
 .text          0x0000043e      0x1f4 d:/avr diploma/tools/03-imt sdk/03- imt sdk/imt_sdk_win_64/winavr/bin/../lib/gcc/avr/4.3.3/avr5\libgcc.a(_mul_sf.o)
                0x0000043e                __mulsf3
 .text          0x00000632      0x158 d:/avr diploma/tools/03-imt sdk/03- imt sdk/imt_sdk_win_64/winavr/bin/../lib/gcc/avr/4.3.3/avr5\libgcc.a(_div_sf.o)
                0x00000632                __divsf3
 .text          0x0000078a       0x60 d:/avr diploma/tools/03-imt sdk/03- imt sdk/imt_sdk_win_64/winavr/bin/../lib/gcc/avr/4.3.3/avr5\libgcc.a(_gt_sf.o)
                0x0000078a                __gtsf2
 .text          0x000007ea       0x60 d:/avr diploma/tools/03-imt sdk/03- imt sdk/imt_sdk_win_64/winavr/bin/../lib/gcc/avr/4.3.3/avr5\libgcc.a(_ge_sf.o)
                0x000007ea                __gesf2
 .text          0x0000084a       0x60 d:/avr diploma/tools/03-imt sdk/03- imt sdk/imt_sdk_win_64/winavr/bin/../lib/gcc/avr/4.3.3/avr5\libgcc.a(_lt_sf.o)
                0x0000084a                __ltsf2
 .text          0x000008aa       0x60 d:/avr diploma/tools/03-imt sdk/03- imt sdk/imt_sdk_win_64/winavr/bin/../lib/gcc/avr/4.3.3/avr5\libgcc.a(_le_sf.o)
                0x000008aa                __lesf2
 .text          0x0000090a       0xa8 d:/avr diploma/tools/03-imt sdk/03- imt sdk/imt_sdk_win_64/winavr/bin/../lib/gcc/avr/4.3.3/avr5\libgcc.a(_sf_to_si.o)
                0x0000090a                __fixsfsi
 .text          0x000009b2        0x0 d:/avr diploma/tools/03-imt sdk/03- imt sdk/imt_sdk_win_64/winavr/bin/../lib/gcc/avr/4.3.3/avr5\libgcc.a(_thenan_sf.o)
 .text          0x000009b2        0x0 d:/avr diploma/tools/03-imt sdk/03- imt sdk/imt_sdk_win_64/winavr/bin/../lib/gcc/avr/4.3.3/avr5\libgcc.a(_prologue.o)
 .text          0x000009b2        0x0 d:/avr diploma/tools/03-imt sdk/03- imt sdk/imt_sdk_win_64/winavr/bin/../lib/gcc/avr/4.3.3/avr5\libgcc.a(_epilogue.o)
 .text          0x000009b2      0x1aa d:/avr diploma/tools/03-imt sdk/03- imt sdk/imt_sdk_win_64/winavr/bin/../lib/gcc/avr/4.3.3/avr5\libgcc.a(_pack_sf.o)
                0x000009b2                __pack_f
 .text          0x00000b5c       0xf0 d:/avr diploma/tools/03-imt sdk/03- imt sdk/imt_sdk_win_64/winavr/bin/../lib/gcc/avr/4.3.3/avr5\libgcc.a(_unpack_sf.o)
                0x00000b5c                __unpack_f
 .text          0x00000c4c       0xb2 d:/avr diploma/tools/03-imt sdk/03- imt sdk/imt_sdk_win_64/winavr/bin/../lib/gcc/avr/4.3.3/avr5\libgcc.a(_fpcmp_parts_sf.o)
                0x00000c4c                __fpcmp_parts_f
                0x00000cfe                . = ALIGN (0x2)
 *(.text.*)
 .text.AnalogGenerator
                0x00000cfe       0x52 ./ANALOG_program.o
                0x00000cfe                AnalogGenerator
 .text.ANALOG_voidSendSignal
                0x00000d50       0x4e ./ANALOG_program.o
                0x00000d50                ANALOG_voidSendSignal
 .text.CLCD_voidSendData
                0x00000d9e      0x13c ./CLCD_program.o
 .text.CLCD_voidSendCommand
                0x00000eda      0x13c ./CLCD_program.o
 .text.CLCD_voidInit
                0x00001016      0x3c8 ./CLCD_program.o
                0x00001016                CLCD_voidInit
 .text.CLCD_voidSendString
                0x000013de       0x52 ./CLCD_program.o
                0x000013de                CLCD_voidSendString
 .text.CLCD_voidSetPosition
                0x00001430       0x54 ./CLCD_program.o
                0x00001430                CLCD_voidSetPosition
 .text.CLCD_voidSendSpecialChar
                0x00001484       0x80 ./CLCD_program.o
                0x00001484                CLCD_voidSendSpecialChar
 .text.CLCD_voidClearDisplay
                0x00001504      0x110 ./CLCD_program.o
                0x00001504                CLCD_voidClearDisplay
 .text.CLCD_voidSendNum
                0x00001614       0xae ./CLCD_program.o
                0x00001614                CLCD_voidSendNum
 .text.DIO_voidSetPortDirection
                0x000016c2       0x84 ./DIO_program.o
                0x000016c2                DIO_voidSetPortDirection
 .text.DIO_voidSetPortValue
                0x00001746       0x84 ./DIO_program.o
                0x00001746                DIO_voidSetPortValue
 .text.DIO_voidSetPinDirection
                0x000017ca      0x20c ./DIO_program.o
                0x000017ca                DIO_voidSetPinDirection
 .text.DIO_voidSetPinValue
                0x000019d6      0x20c ./DIO_program.o
                0x000019d6                DIO_voidSetPinValue
 .text.DIO_u8GetPinValue
                0x00001be2       0xf4 ./DIO_program.o
                0x00001be2                DIO_u8GetPinValue
 .text.DIO_voidTooglePin
                0x00001cd6       0xfc ./DIO_program.o
                0x00001cd6                DIO_voidTooglePin
 .text.EEPROM_voidWriteDataByte
                0x00001dd2      0x226 ./EEPROM_program.o
                0x00001dd2                EEPROM_voidWriteDataByte
 .text.EEPROM_u8ReadDataByte
                0x00001ff8       0x60 ./EEPROM_program.o
                0x00001ff8                EEPROM_u8ReadDataByte
 .text.EXTI_voidEnableDisable
                0x00002058      0x10c ./EXTI_program.o
                0x00002058                EXTI_voidEnableDisable
 .text.EXTI_voidSetSenseCtrl
                0x00002164      0x200 ./EXTI_program.o
                0x00002164                EXTI_voidSetSenseCtrl
 .text.EXTI_voidSetCallBack
                0x00002364       0xa2 ./EXTI_program.o
                0x00002364                EXTI_voidSetCallBack
 .text.__vector_1
                0x00002406       0x5a ./EXTI_program.o
                0x00002406                __vector_1
 .text.__vector_2
                0x00002460       0x5a ./EXTI_program.o
                0x00002460                __vector_2
 .text.__vector_3
                0x000024ba       0x5a ./EXTI_program.o
                0x000024ba                __vector_3
 .text.GI_voidEnable
                0x00002514       0x1c ./GI_program.o
                0x00002514                GI_voidEnable
 .text.GI_voidDisable
                0x00002530       0x1c ./GI_program.o
                0x00002530                GI_voidDisable
 .text.Mapping  0x0000254c       0xe2 ./SERVO_program.o
                0x0000254c                Mapping
 .text.SERVO_voidInit
                0x0000262e       0x1c ./SERVO_program.o
                0x0000262e                SERVO_voidInit
 .text.SERVO_voidMoveToAngle
                0x0000264a       0xb4 ./SERVO_program.o
                0x0000264a                SERVO_voidMoveToAngle
 .text.TIMER0_voidInit
                0x000026fe       0x54 ./TIMER0_program.o
                0x000026fe                TIMER0_voidInit
 .text.TIMER0_voidSetPreLoadValue
                0x00002752       0x1c ./TIMER0_program.o
                0x00002752                TIMER0_voidSetPreLoadValue
 .text.TIMER0_voidSetCmpValue
                0x0000276e       0x1c ./TIMER0_program.o
                0x0000276e                TIMER0_voidSetCmpValue
 .text.TIMER0_e_SetCallBackOVF
                0x0000278a       0x3a ./TIMER0_program.o
                0x0000278a                TIMER0_e_SetCallBackOVF
 .text.TIMER0_e_SetCallBackCMP
                0x000027c4       0x3a ./TIMER0_program.o
                0x000027c4                TIMER0_e_SetCallBackCMP
 .text.CTC_voidCTCEnable
                0x000027fe       0x1c ./TIMER0_program.o
                0x000027fe                CTC_voidCTCEnable
 .text.CTC_voidCTCDisable
                0x0000281a       0x1c ./TIMER0_program.o
                0x0000281a                CTC_voidCTCDisable
 .text.__vector_11
                0x00002836       0x5a ./TIMER0_program.o
                0x00002836                __vector_11
 .text.__vector_10
                0x00002890       0x5a ./TIMER0_program.o
                0x00002890                __vector_10
 .text.TIMER1_voidInit
                0x000028ea       0x98 ./TIMER1_program.o
                0x000028ea                TIMER1_voidInit
 .text.TIMER1_voidSeTCMPValue
                0x00002982       0x24 ./TIMER1_program.o
                0x00002982                TIMER1_voidSeTCMPValue
 .text.TIMER2_voidInit
                0x000029a6       0x62 ./TIMER2_program.o
                0x000029a6                TIMER2_voidInit
 .text.TIMER2_voidSetPreLoadValue
                0x00002a08       0x1c ./TIMER2_program.o
                0x00002a08                TIMER2_voidSetPreLoadValue
 .text.TIMER2_voidSetCmpValue
                0x00002a24       0x1c ./TIMER2_program.o
                0x00002a24                TIMER2_voidSetCmpValue
 .text.TIMER2_e_SetCallBackOVF
                0x00002a40       0x3a ./TIMER2_program.o
                0x00002a40                TIMER2_e_SetCallBackOVF
 .text.TIMER2_e_SetCallBackCMP
                0x00002a7a       0x3a ./TIMER2_program.o
                0x00002a7a                TIMER2_e_SetCallBackCMP
 .text.__vector_4
                0x00002ab4       0x5a ./TIMER2_program.o
                0x00002ab4                __vector_4
 .text.__vector_5
                0x00002b0e       0x5a ./TIMER2_program.o
                0x00002b0e                __vector_5
 .text.TWI_voidMasterInit
                0x00002b68       0x5e ./TWI_program.o
                0x00002b68                TWI_voidMasterInit
 .text.TWI_voidSlaveInit
                0x00002bc6       0x3a ./TWI_program.o
                0x00002bc6                TWI_voidSlaveInit
 .text.TWI_voidSendStartCondition
                0x00002c00       0x34 ./TWI_program.o
                0x00002c00                TWI_voidSendStartCondition
 .text.TWI_voidSendSlaveAdressWithWrite
                0x00002c34       0x52 ./TWI_program.o
                0x00002c34                TWI_voidSendSlaveAdressWithWrite
 .text.TWI_voidSendSlaveAdressWithRead
                0x00002c86       0x52 ./TWI_program.o
                0x00002c86                TWI_voidSendSlaveAdressWithRead
 .text.TWI_voidMasterSendDataByte
                0x00002cd8       0x34 ./TWI_program.o
                0x00002cd8                TWI_voidMasterSendDataByte
 .text.TWI_u8MasterRecieveDataByte
                0x00002d0c       0x2c ./TWI_program.o
                0x00002d0c                TWI_u8MasterRecieveDataByte
 .text.TWI_voidSendStopCondition
                0x00002d38       0x1c ./TWI_program.o
                0x00002d38                TWI_voidSendStopCondition
 .text.UART_voidInit
                0x00002d54       0xa2 ./UART_program.o
                0x00002d54                UART_voidInit
 .text.UART_voidSendDataSynch
                0x00002df6       0x9c ./UART_program.o
                0x00002df6                UART_voidSendDataSynch
 .text.UART_u8RecieveDataSynch
                0x00002e92       0xa8 ./UART_program.o
                0x00002e92                UART_u8RecieveDataSynch
 .text.UART_voidSendDataAsynch
                0x00002f3a       0x60 ./UART_program.o
                0x00002f3a                UART_voidSendDataAsynch
 .text.UART_u8RecieveDataAsynch
                0x00002f9a       0x74 ./UART_program.o
                0x00002f9a                UART_u8RecieveDataAsynch
 .text.__vector_13
                0x0000300e       0x7e ./UART_program.o
                0x0000300e                __vector_13
 .text.__vector_14
                0x0000308c       0x78 ./UART_program.o
                0x0000308c                __vector_14
 .text.TimeCalculation
                0x00003104       0x42 ./US_program.o
 .text.FuncOfTime
                0x00003146       0x76 ./US_program.o
                0x00003146                FuncOfTime
 .text.US_voidGetDistance
                0x000031bc      0x492 ./US_program.o
                0x000031bc                US_voidGetDistance
 .text.Display  0x0000364e       0x96 ./main.o
                0x0000364e                Display
 .text.Forward  0x000036e4       0x9c ./main.o
                0x000036e4                Forward
 .text.Forward_BLUE
                0x00003780       0x72 ./main.o
                0x00003780                Forward_BLUE
 .text.Stop     0x000037f2       0x84 ./main.o
                0x000037f2                Stop
 .text.Stop_BLUE
                0x00003876       0x68 ./main.o
                0x00003876                Stop_BLUE
 .text.Back     0x000038de      0x146 ./main.o
                0x000038de                Back
 .text.Back_BLUE
                0x00003a24       0x7c ./main.o
                0x00003a24                Back_BLUE
 .text.Right    0x00003aa0      0x310 ./main.o
                0x00003aa0                Right
 .text.Right_BLUE
                0x00003db0       0x72 ./main.o
                0x00003db0                Right_BLUE
 .text.Left     0x00003e22      0x310 ./main.o
                0x00003e22                Left
 .text.Left_BLUE
                0x00004132       0x72 ./main.o
                0x00004132                Left_BLUE
 .text.BLUETOOTHMODE
                0x000041a4       0xe0 ./main.o
                0x000041a4                BLUETOOTHMODE
 .text.ULTRASONICMODE
                0x00004284      0x4e2 ./main.o
                0x00004284                ULTRASONICMODE
 .text.SWITCH   0x00004766       0x46 ./main.o
                0x00004766                SWITCH
 .text.main     0x000047ac      0x1ba ./main.o
                0x000047ac                main
 .text.libgcc   0x00004966       0x3e d:/avr diploma/tools/03-imt sdk/03- imt sdk/imt_sdk_win_64/winavr/bin/../lib/gcc/avr/4.3.3/avr5\libgcc.a(_mulsi3.o)
                0x00004966                __mulsi3
 .text.libgcc   0x000049a4       0x28 d:/avr diploma/tools/03-imt sdk/03- imt sdk/imt_sdk_win_64/winavr/bin/../lib/gcc/avr/4.3.3/avr5\libgcc.a(_udivmodhi4.o)
                0x000049a4                __udivmodhi4
 .text.libgcc   0x000049cc       0x44 d:/avr diploma/tools/03-imt sdk/03- imt sdk/imt_sdk_win_64/winavr/bin/../lib/gcc/avr/4.3.3/avr5\libgcc.a(_udivmodsi4.o)
                0x000049cc                __udivmodsi4
 .text.libgcc   0x00004a10        0x0 d:/avr diploma/tools/03-imt sdk/03- imt sdk/imt_sdk_win_64/winavr/bin/../lib/gcc/avr/4.3.3/avr5\libgcc.a(_exit.o)
 .text.libgcc   0x00004a10        0x0 d:/avr diploma/tools/03-imt sdk/03- imt sdk/imt_sdk_win_64/winavr/bin/../lib/gcc/avr/4.3.3/avr5\libgcc.a(_copy_data.o)
 .text.libgcc   0x00004a10        0x0 d:/avr diploma/tools/03-imt sdk/03- imt sdk/imt_sdk_win_64/winavr/bin/../lib/gcc/avr/4.3.3/avr5\libgcc.a(_clear_bss.o)
 .text.libgcc   0x00004a10       0x38 d:/avr diploma/tools/03-imt sdk/03- imt sdk/imt_sdk_win_64/winavr/bin/../lib/gcc/avr/4.3.3/avr5\libgcc.a(_prologue.o)
                0x00004a10                __prologue_saves__
 .text.libgcc   0x00004a48       0x36 d:/avr diploma/tools/03-imt sdk/03- imt sdk/imt_sdk_win_64/winavr/bin/../lib/gcc/avr/4.3.3/avr5\libgcc.a(_epilogue.o)
                0x00004a48                __epilogue_restores__
                0x00004a7e                . = ALIGN (0x2)
 *(.fini9)
 .fini9         0x00004a7e        0x0 d:/avr diploma/tools/03-imt sdk/03- imt sdk/imt_sdk_win_64/winavr/bin/../lib/gcc/avr/4.3.3/avr5\libgcc.a(_exit.o)
                0x00004a7e                exit
                0x00004a7e                _exit
 *(.fini9)
 *(.fini8)
 *(.fini8)
 *(.fini7)
 *(.fini7)
 *(.fini6)
 *(.fini6)
 *(.fini5)
 *(.fini5)
 *(.fini4)
 *(.fini4)
 *(.fini3)
 *(.fini3)
 *(.fini2)
 *(.fini2)
 *(.fini1)
 *(.fini1)
 *(.fini0)
 .fini0         0x00004a7e        0x4 d:/avr diploma/tools/03-imt sdk/03- imt sdk/imt_sdk_win_64/winavr/bin/../lib/gcc/avr/4.3.3/avr5\libgcc.a(_exit.o)
 *(.fini0)
                0x00004a82                _etext = .

.data           0x00800060       0x28 load address 0x00004a82
                0x00800060                PROVIDE (__data_start, .)
 *(.data)
 .data          0x00800060        0x0 d:/avr diploma/tools/03-imt sdk/03- imt sdk/imt_sdk_win_64/winavr/bin/../lib/gcc/avr/4.3.3/../../../../avr/lib/avr5/crtm32.o
 .data          0x00800060        0x0 ./ANALOG_program.o
 .data          0x00800060        0x0 ./CLCD_program.o
 .data          0x00800060        0x0 ./DIO_program.o
 .data          0x00800060        0x0 ./EEPROM_program.o
 .data          0x00800060        0x0 ./EXTI_program.o
 .data          0x00800060        0x0 ./GI_program.o
 .data          0x00800060        0x0 ./SERVO_program.o
 .data          0x00800060        0x0 ./TIMER0_program.o
 .data          0x00800060        0x0 ./TIMER1_program.o
 .data          0x00800060        0x0 ./TIMER2_program.o
 .data          0x00800060        0x0 ./TWI_program.o
 .data          0x00800060        0x0 ./UART_program.o
 .data          0x00800060        0x0 ./US_program.o
 .data          0x00800060       0x1e ./main.o
 .data          0x0080007e        0x0 d:/avr diploma/tools/03-imt sdk/03- imt sdk/imt_sdk_win_64/winavr/bin/../lib/gcc/avr/4.3.3/avr5\libgcc.a(_mulsi3.o)
 .data          0x0080007e        0x0 d:/avr diploma/tools/03-imt sdk/03- imt sdk/imt_sdk_win_64/winavr/bin/../lib/gcc/avr/4.3.3/avr5\libgcc.a(_udivmodhi4.o)
 .data          0x0080007e        0x0 d:/avr diploma/tools/03-imt sdk/03- imt sdk/imt_sdk_win_64/winavr/bin/../lib/gcc/avr/4.3.3/avr5\libgcc.a(_udivmodsi4.o)
 .data          0x0080007e        0x0 d:/avr diploma/tools/03-imt sdk/03- imt sdk/imt_sdk_win_64/winavr/bin/../lib/gcc/avr/4.3.3/avr5\libgcc.a(_exit.o)
 .data          0x0080007e        0x0 d:/avr diploma/tools/03-imt sdk/03- imt sdk/imt_sdk_win_64/winavr/bin/../lib/gcc/avr/4.3.3/avr5\libgcc.a(_copy_data.o)
 .data          0x0080007e        0x0 d:/avr diploma/tools/03-imt sdk/03- imt sdk/imt_sdk_win_64/winavr/bin/../lib/gcc/avr/4.3.3/avr5\libgcc.a(_clear_bss.o)
 .data          0x0080007e        0x0 d:/avr diploma/tools/03-imt sdk/03- imt sdk/imt_sdk_win_64/winavr/bin/../lib/gcc/avr/4.3.3/avr5\libgcc.a(_fixunssfsi.o)
 .data          0x0080007e        0x0 d:/avr diploma/tools/03-imt sdk/03- imt sdk/imt_sdk_win_64/winavr/bin/../lib/gcc/avr/4.3.3/avr5\libgcc.a(_addsub_sf.o)
 .data          0x0080007e        0x0 d:/avr diploma/tools/03-imt sdk/03- imt sdk/imt_sdk_win_64/winavr/bin/../lib/gcc/avr/4.3.3/avr5\libgcc.a(_mul_sf.o)
 .data          0x0080007e        0x0 d:/avr diploma/tools/03-imt sdk/03- imt sdk/imt_sdk_win_64/winavr/bin/../lib/gcc/avr/4.3.3/avr5\libgcc.a(_div_sf.o)
 .data          0x0080007e        0x0 d:/avr diploma/tools/03-imt sdk/03- imt sdk/imt_sdk_win_64/winavr/bin/../lib/gcc/avr/4.3.3/avr5\libgcc.a(_gt_sf.o)
 .data          0x0080007e        0x0 d:/avr diploma/tools/03-imt sdk/03- imt sdk/imt_sdk_win_64/winavr/bin/../lib/gcc/avr/4.3.3/avr5\libgcc.a(_ge_sf.o)
 .data          0x0080007e        0x0 d:/avr diploma/tools/03-imt sdk/03- imt sdk/imt_sdk_win_64/winavr/bin/../lib/gcc/avr/4.3.3/avr5\libgcc.a(_lt_sf.o)
 .data          0x0080007e        0x0 d:/avr diploma/tools/03-imt sdk/03- imt sdk/imt_sdk_win_64/winavr/bin/../lib/gcc/avr/4.3.3/avr5\libgcc.a(_le_sf.o)
 .data          0x0080007e        0x0 d:/avr diploma/tools/03-imt sdk/03- imt sdk/imt_sdk_win_64/winavr/bin/../lib/gcc/avr/4.3.3/avr5\libgcc.a(_sf_to_si.o)
 .data          0x0080007e        0x8 d:/avr diploma/tools/03-imt sdk/03- imt sdk/imt_sdk_win_64/winavr/bin/../lib/gcc/avr/4.3.3/avr5\libgcc.a(_thenan_sf.o)
                0x0080007e                __thenan_sf
 .data          0x00800086        0x0 d:/avr diploma/tools/03-imt sdk/03- imt sdk/imt_sdk_win_64/winavr/bin/../lib/gcc/avr/4.3.3/avr5\libgcc.a(_prologue.o)
 .data          0x00800086        0x0 d:/avr diploma/tools/03-imt sdk/03- imt sdk/imt_sdk_win_64/winavr/bin/../lib/gcc/avr/4.3.3/avr5\libgcc.a(_epilogue.o)
 .data          0x00800086        0x0 d:/avr diploma/tools/03-imt sdk/03- imt sdk/imt_sdk_win_64/winavr/bin/../lib/gcc/avr/4.3.3/avr5\libgcc.a(_pack_sf.o)
 .data          0x00800086        0x0 d:/avr diploma/tools/03-imt sdk/03- imt sdk/imt_sdk_win_64/winavr/bin/../lib/gcc/avr/4.3.3/avr5\libgcc.a(_unpack_sf.o)
 .data          0x00800086        0x0 d:/avr diploma/tools/03-imt sdk/03- imt sdk/imt_sdk_win_64/winavr/bin/../lib/gcc/avr/4.3.3/avr5\libgcc.a(_fpcmp_parts_sf.o)
 *(.data*)
 .data.UART_u8Status
                0x00800086        0x1 ./UART_program.o
 .data.Local_u8Controler
                0x00800087        0x1 ./main.o
                0x00800087                Local_u8Controler
 *(.rodata)
 *(.rodata*)
 *(.gnu.linkonce.d*)
                0x00800088                . = ALIGN (0x2)
                0x00800088                _edata = .
                0x00800088                PROVIDE (__data_end, .)

.bss            0x00800088       0x42
                0x00800088                PROVIDE (__bss_start, .)
 *(.bss)
 .bss           0x00800088        0x0 d:/avr diploma/tools/03-imt sdk/03- imt sdk/imt_sdk_win_64/winavr/bin/../lib/gcc/avr/4.3.3/../../../../avr/lib/avr5/crtm32.o
 .bss           0x00800088        0x0 ./ANALOG_program.o
 .bss           0x00800088        0x0 ./CLCD_program.o
 .bss           0x00800088        0x0 ./DIO_program.o
 .bss           0x00800088        0x0 ./EEPROM_program.o
 .bss           0x00800088        0x0 ./EXTI_program.o
 .bss           0x00800088        0x0 ./GI_program.o
 .bss           0x00800088        0x0 ./SERVO_program.o
 .bss           0x00800088        0x0 ./TIMER0_program.o
 .bss           0x00800088        0x0 ./TIMER1_program.o
 .bss           0x00800088        0x0 ./TIMER2_program.o
 .bss           0x00800088        0x0 ./TWI_program.o
 .bss           0x00800088        0x0 ./UART_program.o
 .bss           0x00800088        0x0 ./US_program.o
 .bss           0x00800088        0x0 ./main.o
 .bss           0x00800088        0x0 d:/avr diploma/tools/03-imt sdk/03- imt sdk/imt_sdk_win_64/winavr/bin/../lib/gcc/avr/4.3.3/avr5\libgcc.a(_mulsi3.o)
 .bss           0x00800088        0x0 d:/avr diploma/tools/03-imt sdk/03- imt sdk/imt_sdk_win_64/winavr/bin/../lib/gcc/avr/4.3.3/avr5\libgcc.a(_udivmodhi4.o)
 .bss           0x00800088        0x0 d:/avr diploma/tools/03-imt sdk/03- imt sdk/imt_sdk_win_64/winavr/bin/../lib/gcc/avr/4.3.3/avr5\libgcc.a(_udivmodsi4.o)
 .bss           0x00800088        0x0 d:/avr diploma/tools/03-imt sdk/03- imt sdk/imt_sdk_win_64/winavr/bin/../lib/gcc/avr/4.3.3/avr5\libgcc.a(_exit.o)
 .bss           0x00800088        0x0 d:/avr diploma/tools/03-imt sdk/03- imt sdk/imt_sdk_win_64/winavr/bin/../lib/gcc/avr/4.3.3/avr5\libgcc.a(_copy_data.o)
 .bss           0x00800088        0x0 d:/avr diploma/tools/03-imt sdk/03- imt sdk/imt_sdk_win_64/winavr/bin/../lib/gcc/avr/4.3.3/avr5\libgcc.a(_clear_bss.o)
 .bss           0x00800088        0x0 d:/avr diploma/tools/03-imt sdk/03- imt sdk/imt_sdk_win_64/winavr/bin/../lib/gcc/avr/4.3.3/avr5\libgcc.a(_fixunssfsi.o)
 .bss           0x00800088        0x0 d:/avr diploma/tools/03-imt sdk/03- imt sdk/imt_sdk_win_64/winavr/bin/../lib/gcc/avr/4.3.3/avr5\libgcc.a(_addsub_sf.o)
 .bss           0x00800088        0x0 d:/avr diploma/tools/03-imt sdk/03- imt sdk/imt_sdk_win_64/winavr/bin/../lib/gcc/avr/4.3.3/avr5\libgcc.a(_mul_sf.o)
 .bss           0x00800088        0x0 d:/avr diploma/tools/03-imt sdk/03- imt sdk/imt_sdk_win_64/winavr/bin/../lib/gcc/avr/4.3.3/avr5\libgcc.a(_div_sf.o)
 .bss           0x00800088        0x0 d:/avr diploma/tools/03-imt sdk/03- imt sdk/imt_sdk_win_64/winavr/bin/../lib/gcc/avr/4.3.3/avr5\libgcc.a(_gt_sf.o)
 .bss           0x00800088        0x0 d:/avr diploma/tools/03-imt sdk/03- imt sdk/imt_sdk_win_64/winavr/bin/../lib/gcc/avr/4.3.3/avr5\libgcc.a(_ge_sf.o)
 .bss           0x00800088        0x0 d:/avr diploma/tools/03-imt sdk/03- imt sdk/imt_sdk_win_64/winavr/bin/../lib/gcc/avr/4.3.3/avr5\libgcc.a(_lt_sf.o)
 .bss           0x00800088        0x0 d:/avr diploma/tools/03-imt sdk/03- imt sdk/imt_sdk_win_64/winavr/bin/../lib/gcc/avr/4.3.3/avr5\libgcc.a(_le_sf.o)
 .bss           0x00800088        0x0 d:/avr diploma/tools/03-imt sdk/03- imt sdk/imt_sdk_win_64/winavr/bin/../lib/gcc/avr/4.3.3/avr5\libgcc.a(_sf_to_si.o)
 .bss           0x00800088        0x0 d:/avr diploma/tools/03-imt sdk/03- imt sdk/imt_sdk_win_64/winavr/bin/../lib/gcc/avr/4.3.3/avr5\libgcc.a(_thenan_sf.o)
 .bss           0x00800088        0x0 d:/avr diploma/tools/03-imt sdk/03- imt sdk/imt_sdk_win_64/winavr/bin/../lib/gcc/avr/4.3.3/avr5\libgcc.a(_prologue.o)
 .bss           0x00800088        0x0 d:/avr diploma/tools/03-imt sdk/03- imt sdk/imt_sdk_win_64/winavr/bin/../lib/gcc/avr/4.3.3/avr5\libgcc.a(_epilogue.o)
 .bss           0x00800088        0x0 d:/avr diploma/tools/03-imt sdk/03- imt sdk/imt_sdk_win_64/winavr/bin/../lib/gcc/avr/4.3.3/avr5\libgcc.a(_pack_sf.o)
 .bss           0x00800088        0x0 d:/avr diploma/tools/03-imt sdk/03- imt sdk/imt_sdk_win_64/winavr/bin/../lib/gcc/avr/4.3.3/avr5\libgcc.a(_unpack_sf.o)
 .bss           0x00800088        0x0 d:/avr diploma/tools/03-imt sdk/03- imt sdk/imt_sdk_win_64/winavr/bin/../lib/gcc/avr/4.3.3/avr5\libgcc.a(_fpcmp_parts_sf.o)
 *(.bss*)
 .bss.Local_u8Counter.1236
                0x00800088        0x1 ./ANALOG_program.o
 .bss.Global_u8AnalogValue
                0x00800089        0x1 ./ANALOG_program.o
 .bss.Global_u8PortNum
                0x0080008a        0x1 ./ANALOG_program.o
 .bss.Global_u8PinNum_1
                0x0080008b        0x1 ./ANALOG_program.o
 .bss.GlobalPtrTofunc
                0x0080008c        0x6 ./EXTI_program.o
 .bss.GlobalPtrFuncCMP
                0x00800092        0x2 ./TIMER0_program.o
 .bss.GlobalPtrFuncOVF
                0x00800094        0x2 ./TIMER0_program.o
 .bss.GlobalPtrFuncCMP
                0x00800096        0x2 ./TIMER2_program.o
 .bss.GlobalPtrFuncOVF
                0x00800098        0x2 ./TIMER2_program.o
 .bss.Global_voidPtrFuncSend
                0x0080009a        0x2 ./UART_program.o
 .bss.Global_voidPtrFuncRecieve
                0x0080009c        0x2 ./UART_program.o
 .bss.Global_u8PtrSend
                0x0080009e        0x1 ./UART_program.o
 .bss.Global_u8PtrRecive
                0x0080009f        0x2 ./UART_program.o
 .bss.Global_f64time
                0x008000a1        0x4 ./US_program.o
                0x008000a1                Global_f64time
 .bss.Global_f64Reading
                0x008000a5        0x2 ./US_program.o
                0x008000a5                Global_f64Reading
 .bss.Local_u8Counter.1347
                0x008000a7        0x1 ./US_program.o
 .bss.ForwardFlag
                0x008000a8        0x1 ./main.o
                0x008000a8                ForwardFlag
 .bss.CaseFlag  0x008000a9        0x1 ./main.o
                0x008000a9                CaseFlag
 .bss.WDTFLAG   0x008000aa        0x1 ./main.o
                0x008000aa                WDTFLAG
 .bss.SPEEDCARRIER
                0x008000ab        0x1 ./main.o
                0x008000ab                SPEEDCARRIER
 .bss.OBSTECLSNUM
                0x008000ac        0x1 ./main.o
                0x008000ac                OBSTECLSNUM
 .bss.SPEEDCARRIER_B
                0x008000ad        0x1 ./main.o
                0x008000ad                SPEEDCARRIER_B
 .bss.Global_f64ForwardTime
                0x008000ae        0x4 ./main.o
                0x008000ae                Global_f64ForwardTime
 .bss.Global_f64RightTime
                0x008000b2        0x4 ./main.o
                0x008000b2                Global_f64RightTime
 .bss.Global_f64LeftTime
                0x008000b6        0x4 ./main.o
                0x008000b6                Global_f64LeftTime
 .bss.Global_f32ForwardDistance
                0x008000ba        0x4 ./main.o
                0x008000ba                Global_f32ForwardDistance
 .bss.Global_f32RightDistance
                0x008000be        0x4 ./main.o
                0x008000be                Global_f32RightDistance
 .bss.Global_f32LeftDistance
                0x008000c2        0x4 ./main.o
                0x008000c2                Global_f32LeftDistance
 .bss.Global_f32LastForwardDistance
                0x008000c6        0x4 ./main.o
                0x008000c6                Global_f32LastForwardDistance
 *(COMMON)
                0x008000ca                PROVIDE (__bss_end, .)
                0x00004a82                __data_load_start = LOADADDR (.data)
                0x00004aaa                __data_load_end = (__data_load_start + SIZEOF (.data))

.noinit         0x008000ca        0x0
                0x008000ca                PROVIDE (__noinit_start, .)
 *(.noinit*)
                0x008000ca                PROVIDE (__noinit_end, .)
                0x008000ca                _end = .
                0x008000ca                PROVIDE (__heap_start, .)

.eeprom         0x00810000        0x0
 *(.eeprom*)
                0x00810000                __eeprom_end = .

.fuse
 *(.fuse)
 *(.lfuse)
 *(.hfuse)
 *(.efuse)

.lock
 *(.lock*)

.signature
 *(.signature*)

.stab           0x00000000     0x4b3c
 *(.stab)
 .stab          0x00000000      0x2f4 ./ANALOG_program.o
 .stab          0x000002f4      0xbd0 ./CLCD_program.o
                                0xc84 (size before relaxing)
 .stab          0x00000ec4      0x4c8 ./DIO_program.o
                                0x57c (size before relaxing)
 .stab          0x0000138c      0x3f0 ./EEPROM_program.o
                                0x630 (size before relaxing)
 .stab          0x0000177c      0x4c8 ./EXTI_program.o
                                0x57c (size before relaxing)
 .stab          0x00001c44      0x144 ./GI_program.o
                                0x1f8 (size before relaxing)
 .stab          0x00001d88      0x1f8 ./SERVO_program.o
                                0x2ac (size before relaxing)
 .stab          0x00001f80      0x3b4 ./TIMER0_program.o
                                0x468 (size before relaxing)
 .stab          0x00002334      0x1bc ./TIMER1_program.o
                                0x270 (size before relaxing)
 .stab          0x000024f0      0x360 ./TIMER2_program.o
                                0x414 (size before relaxing)
 .stab          0x00002850      0x39c ./TWI_program.o
                                0x450 (size before relaxing)
 .stab          0x00002bec      0x600 ./UART_program.o
                                0x6b4 (size before relaxing)
 .stab          0x000031ec      0x5e8 ./US_program.o
                                0x87c (size before relaxing)
 .stab          0x000037d4     0x1368 ./main.o
                               0x15fc (size before relaxing)

.stabstr        0x00000000     0x19a1
 *(.stabstr)
 .stabstr       0x00000000     0x19a1 ./ANALOG_program.o

.stab.excl
 *(.stab.excl)

.stab.exclstr
 *(.stab.exclstr)

.stab.index
 *(.stab.index)

.stab.indexstr
 *(.stab.indexstr)

.comment
 *(.comment)

.debug
 *(.debug)

.line
 *(.line)

.debug_srcinfo
 *(.debug_srcinfo)

.debug_sfnames
 *(.debug_sfnames)

.debug_aranges  0x00000000      0x180
 *(.debug_aranges)
 .debug_aranges
                0x00000000       0x20 d:/avr diploma/tools/03-imt sdk/03- imt sdk/imt_sdk_win_64/winavr/bin/../lib/gcc/avr/4.3.3/avr5\libgcc.a(_fixunssfsi.o)
 .debug_aranges
                0x00000020       0x20 d:/avr diploma/tools/03-imt sdk/03- imt sdk/imt_sdk_win_64/winavr/bin/../lib/gcc/avr/4.3.3/avr5\libgcc.a(_addsub_sf.o)
 .debug_aranges
                0x00000040       0x20 d:/avr diploma/tools/03-imt sdk/03- imt sdk/imt_sdk_win_64/winavr/bin/../lib/gcc/avr/4.3.3/avr5\libgcc.a(_mul_sf.o)
 .debug_aranges
                0x00000060       0x20 d:/avr diploma/tools/03-imt sdk/03- imt sdk/imt_sdk_win_64/winavr/bin/../lib/gcc/avr/4.3.3/avr5\libgcc.a(_div_sf.o)
 .debug_aranges
                0x00000080       0x20 d:/avr diploma/tools/03-imt sdk/03- imt sdk/imt_sdk_win_64/winavr/bin/../lib/gcc/avr/4.3.3/avr5\libgcc.a(_gt_sf.o)
 .debug_aranges
                0x000000a0       0x20 d:/avr diploma/tools/03-imt sdk/03- imt sdk/imt_sdk_win_64/winavr/bin/../lib/gcc/avr/4.3.3/avr5\libgcc.a(_ge_sf.o)
 .debug_aranges
                0x000000c0       0x20 d:/avr diploma/tools/03-imt sdk/03- imt sdk/imt_sdk_win_64/winavr/bin/../lib/gcc/avr/4.3.3/avr5\libgcc.a(_lt_sf.o)
 .debug_aranges
                0x000000e0       0x20 d:/avr diploma/tools/03-imt sdk/03- imt sdk/imt_sdk_win_64/winavr/bin/../lib/gcc/avr/4.3.3/avr5\libgcc.a(_le_sf.o)
 .debug_aranges
                0x00000100       0x20 d:/avr diploma/tools/03-imt sdk/03- imt sdk/imt_sdk_win_64/winavr/bin/../lib/gcc/avr/4.3.3/avr5\libgcc.a(_sf_to_si.o)
 .debug_aranges
                0x00000120       0x20 d:/avr diploma/tools/03-imt sdk/03- imt sdk/imt_sdk_win_64/winavr/bin/../lib/gcc/avr/4.3.3/avr5\libgcc.a(_pack_sf.o)
 .debug_aranges
                0x00000140       0x20 d:/avr diploma/tools/03-imt sdk/03- imt sdk/imt_sdk_win_64/winavr/bin/../lib/gcc/avr/4.3.3/avr5\libgcc.a(_unpack_sf.o)
 .debug_aranges
                0x00000160       0x20 d:/avr diploma/tools/03-imt sdk/03- imt sdk/imt_sdk_win_64/winavr/bin/../lib/gcc/avr/4.3.3/avr5\libgcc.a(_fpcmp_parts_sf.o)

.debug_pubnames
                0x00000000      0x1ad
 *(.debug_pubnames)
 .debug_pubnames
                0x00000000       0x23 d:/avr diploma/tools/03-imt sdk/03- imt sdk/imt_sdk_win_64/winavr/bin/../lib/gcc/avr/4.3.3/avr5\libgcc.a(_fixunssfsi.o)
 .debug_pubnames
                0x00000023       0x2c d:/avr diploma/tools/03-imt sdk/03- imt sdk/imt_sdk_win_64/winavr/bin/../lib/gcc/avr/4.3.3/avr5\libgcc.a(_addsub_sf.o)
 .debug_pubnames
                0x0000004f       0x1f d:/avr diploma/tools/03-imt sdk/03- imt sdk/imt_sdk_win_64/winavr/bin/../lib/gcc/avr/4.3.3/avr5\libgcc.a(_mul_sf.o)
 .debug_pubnames
                0x0000006e       0x1f d:/avr diploma/tools/03-imt sdk/03- imt sdk/imt_sdk_win_64/winavr/bin/../lib/gcc/avr/4.3.3/avr5\libgcc.a(_div_sf.o)
 .debug_pubnames
                0x0000008d       0x1e d:/avr diploma/tools/03-imt sdk/03- imt sdk/imt_sdk_win_64/winavr/bin/../lib/gcc/avr/4.3.3/avr5\libgcc.a(_gt_sf.o)
 .debug_pubnames
                0x000000ab       0x1e d:/avr diploma/tools/03-imt sdk/03- imt sdk/imt_sdk_win_64/winavr/bin/../lib/gcc/avr/4.3.3/avr5\libgcc.a(_ge_sf.o)
 .debug_pubnames
                0x000000c9       0x1e d:/avr diploma/tools/03-imt sdk/03- imt sdk/imt_sdk_win_64/winavr/bin/../lib/gcc/avr/4.3.3/avr5\libgcc.a(_lt_sf.o)
 .debug_pubnames
                0x000000e7       0x1e d:/avr diploma/tools/03-imt sdk/03- imt sdk/imt_sdk_win_64/winavr/bin/../lib/gcc/avr/4.3.3/avr5\libgcc.a(_le_sf.o)
 .debug_pubnames
                0x00000105       0x20 d:/avr diploma/tools/03-imt sdk/03- imt sdk/imt_sdk_win_64/winavr/bin/../lib/gcc/avr/4.3.3/avr5\libgcc.a(_sf_to_si.o)
 .debug_pubnames
                0x00000125       0x22 d:/avr diploma/tools/03-imt sdk/03- imt sdk/imt_sdk_win_64/winavr/bin/../lib/gcc/avr/4.3.3/avr5\libgcc.a(_thenan_sf.o)
 .debug_pubnames
                0x00000147       0x1f d:/avr diploma/tools/03-imt sdk/03- imt sdk/imt_sdk_win_64/winavr/bin/../lib/gcc/avr/4.3.3/avr5\libgcc.a(_pack_sf.o)
 .debug_pubnames
                0x00000166       0x21 d:/avr diploma/tools/03-imt sdk/03- imt sdk/imt_sdk_win_64/winavr/bin/../lib/gcc/avr/4.3.3/avr5\libgcc.a(_unpack_sf.o)
 .debug_pubnames
                0x00000187       0x26 d:/avr diploma/tools/03-imt sdk/03- imt sdk/imt_sdk_win_64/winavr/bin/../lib/gcc/avr/4.3.3/avr5\libgcc.a(_fpcmp_parts_sf.o)

.debug_info     0x00000000     0x22c4
 *(.debug_info)
 .debug_info    0x00000000       0xb1 d:/avr diploma/tools/03-imt sdk/03- imt sdk/imt_sdk_win_64/winavr/bin/../lib/gcc/avr/4.3.3/avr5\libgcc.a(_fixunssfsi.o)
 .debug_info    0x000000b1      0x47a d:/avr diploma/tools/03-imt sdk/03- imt sdk/imt_sdk_win_64/winavr/bin/../lib/gcc/avr/4.3.3/avr5\libgcc.a(_addsub_sf.o)
 .debug_info    0x0000052b      0x485 d:/avr diploma/tools/03-imt sdk/03- imt sdk/imt_sdk_win_64/winavr/bin/../lib/gcc/avr/4.3.3/avr5\libgcc.a(_mul_sf.o)
 .debug_info    0x000009b0      0x3fc d:/avr diploma/tools/03-imt sdk/03- imt sdk/imt_sdk_win_64/winavr/bin/../lib/gcc/avr/4.3.3/avr5\libgcc.a(_div_sf.o)
 .debug_info    0x00000dac      0x27f d:/avr diploma/tools/03-imt sdk/03- imt sdk/imt_sdk_win_64/winavr/bin/../lib/gcc/avr/4.3.3/avr5\libgcc.a(_gt_sf.o)
 .debug_info    0x0000102b      0x27f d:/avr diploma/tools/03-imt sdk/03- imt sdk/imt_sdk_win_64/winavr/bin/../lib/gcc/avr/4.3.3/avr5\libgcc.a(_ge_sf.o)
 .debug_info    0x000012aa      0x27f d:/avr diploma/tools/03-imt sdk/03- imt sdk/imt_sdk_win_64/winavr/bin/../lib/gcc/avr/4.3.3/avr5\libgcc.a(_lt_sf.o)
 .debug_info    0x00001529      0x27f d:/avr diploma/tools/03-imt sdk/03- imt sdk/imt_sdk_win_64/winavr/bin/../lib/gcc/avr/4.3.3/avr5\libgcc.a(_le_sf.o)
 .debug_info    0x000017a8      0x2b0 d:/avr diploma/tools/03-imt sdk/03- imt sdk/imt_sdk_win_64/winavr/bin/../lib/gcc/avr/4.3.3/avr5\libgcc.a(_sf_to_si.o)
 .debug_info    0x00001a58      0x12c d:/avr diploma/tools/03-imt sdk/03- imt sdk/imt_sdk_win_64/winavr/bin/../lib/gcc/avr/4.3.3/avr5\libgcc.a(_thenan_sf.o)
 .debug_info    0x00001b84      0x2df d:/avr diploma/tools/03-imt sdk/03- imt sdk/imt_sdk_win_64/winavr/bin/../lib/gcc/avr/4.3.3/avr5\libgcc.a(_pack_sf.o)
 .debug_info    0x00001e63      0x251 d:/avr diploma/tools/03-imt sdk/03- imt sdk/imt_sdk_win_64/winavr/bin/../lib/gcc/avr/4.3.3/avr5\libgcc.a(_unpack_sf.o)
 .debug_info    0x000020b4      0x210 d:/avr diploma/tools/03-imt sdk/03- imt sdk/imt_sdk_win_64/winavr/bin/../lib/gcc/avr/4.3.3/avr5\libgcc.a(_fpcmp_parts_sf.o)
 *(.gnu.linkonce.wi.*)

.debug_abbrev   0x00000000     0x125b
 *(.debug_abbrev)
 .debug_abbrev  0x00000000       0x5d d:/avr diploma/tools/03-imt sdk/03- imt sdk/imt_sdk_win_64/winavr/bin/../lib/gcc/avr/4.3.3/avr5\libgcc.a(_fixunssfsi.o)
 .debug_abbrev  0x0000005d      0x1ea d:/avr diploma/tools/03-imt sdk/03- imt sdk/imt_sdk_win_64/winavr/bin/../lib/gcc/avr/4.3.3/avr5\libgcc.a(_addsub_sf.o)
 .debug_abbrev  0x00000247      0x21b d:/avr diploma/tools/03-imt sdk/03- imt sdk/imt_sdk_win_64/winavr/bin/../lib/gcc/avr/4.3.3/avr5\libgcc.a(_mul_sf.o)
 .debug_abbrev  0x00000462      0x216 d:/avr diploma/tools/03-imt sdk/03- imt sdk/imt_sdk_win_64/winavr/bin/../lib/gcc/avr/4.3.3/avr5\libgcc.a(_div_sf.o)
 .debug_abbrev  0x00000678      0x15a d:/avr diploma/tools/03-imt sdk/03- imt sdk/imt_sdk_win_64/winavr/bin/../lib/gcc/avr/4.3.3/avr5\libgcc.a(_gt_sf.o)
 .debug_abbrev  0x000007d2      0x15a d:/avr diploma/tools/03-imt sdk/03- imt sdk/imt_sdk_win_64/winavr/bin/../lib/gcc/avr/4.3.3/avr5\libgcc.a(_ge_sf.o)
 .debug_abbrev  0x0000092c      0x15a d:/avr diploma/tools/03-imt sdk/03- imt sdk/imt_sdk_win_64/winavr/bin/../lib/gcc/avr/4.3.3/avr5\libgcc.a(_lt_sf.o)
 .debug_abbrev  0x00000a86      0x15a d:/avr diploma/tools/03-imt sdk/03- imt sdk/imt_sdk_win_64/winavr/bin/../lib/gcc/avr/4.3.3/avr5\libgcc.a(_le_sf.o)
 .debug_abbrev  0x00000be0      0x17f d:/avr diploma/tools/03-imt sdk/03- imt sdk/imt_sdk_win_64/winavr/bin/../lib/gcc/avr/4.3.3/avr5\libgcc.a(_sf_to_si.o)
 .debug_abbrev  0x00000d5f       0xad d:/avr diploma/tools/03-imt sdk/03- imt sdk/imt_sdk_win_64/winavr/bin/../lib/gcc/avr/4.3.3/avr5\libgcc.a(_thenan_sf.o)
 .debug_abbrev  0x00000e0c      0x1c0 d:/avr diploma/tools/03-imt sdk/03- imt sdk/imt_sdk_win_64/winavr/bin/../lib/gcc/avr/4.3.3/avr5\libgcc.a(_pack_sf.o)
 .debug_abbrev  0x00000fcc      0x154 d:/avr diploma/tools/03-imt sdk/03- imt sdk/imt_sdk_win_64/winavr/bin/../lib/gcc/avr/4.3.3/avr5\libgcc.a(_unpack_sf.o)
 .debug_abbrev  0x00001120      0x13b d:/avr diploma/tools/03-imt sdk/03- imt sdk/imt_sdk_win_64/winavr/bin/../lib/gcc/avr/4.3.3/avr5\libgcc.a(_fpcmp_parts_sf.o)

.debug_line     0x00000000     0x1055
 *(.debug_line)
 .debug_line    0x00000000       0xa7 d:/avr diploma/tools/03-imt sdk/03- imt sdk/imt_sdk_win_64/winavr/bin/../lib/gcc/avr/4.3.3/avr5\libgcc.a(_fixunssfsi.o)
 .debug_line    0x000000a7      0x2af d:/avr diploma/tools/03-imt sdk/03- imt sdk/imt_sdk_win_64/winavr/bin/../lib/gcc/avr/4.3.3/avr5\libgcc.a(_addsub_sf.o)
 .debug_line    0x00000356      0x239 d:/avr diploma/tools/03-imt sdk/03- imt sdk/imt_sdk_win_64/winavr/bin/../lib/gcc/avr/4.3.3/avr5\libgcc.a(_mul_sf.o)
 .debug_line    0x0000058f      0x1d5 d:/avr diploma/tools/03-imt sdk/03- imt sdk/imt_sdk_win_64/winavr/bin/../lib/gcc/avr/4.3.3/avr5\libgcc.a(_div_sf.o)
 .debug_line    0x00000764       0xd3 d:/avr diploma/tools/03-imt sdk/03- imt sdk/imt_sdk_win_64/winavr/bin/../lib/gcc/avr/4.3.3/avr5\libgcc.a(_gt_sf.o)
 .debug_line    0x00000837       0xd3 d:/avr diploma/tools/03-imt sdk/03- imt sdk/imt_sdk_win_64/winavr/bin/../lib/gcc/avr/4.3.3/avr5\libgcc.a(_ge_sf.o)
 .debug_line    0x0000090a       0xd3 d:/avr diploma/tools/03-imt sdk/03- imt sdk/imt_sdk_win_64/winavr/bin/../lib/gcc/avr/4.3.3/avr5\libgcc.a(_lt_sf.o)
 .debug_line    0x000009dd       0xd3 d:/avr diploma/tools/03-imt sdk/03- imt sdk/imt_sdk_win_64/winavr/bin/../lib/gcc/avr/4.3.3/avr5\libgcc.a(_le_sf.o)
 .debug_line    0x00000ab0      0x109 d:/avr diploma/tools/03-imt sdk/03- imt sdk/imt_sdk_win_64/winavr/bin/../lib/gcc/avr/4.3.3/avr5\libgcc.a(_sf_to_si.o)
 .debug_line    0x00000bb9       0x90 d:/avr diploma/tools/03-imt sdk/03- imt sdk/imt_sdk_win_64/winavr/bin/../lib/gcc/avr/4.3.3/avr5\libgcc.a(_thenan_sf.o)
 .debug_line    0x00000c49      0x18a d:/avr diploma/tools/03-imt sdk/03- imt sdk/imt_sdk_win_64/winavr/bin/../lib/gcc/avr/4.3.3/avr5\libgcc.a(_pack_sf.o)
 .debug_line    0x00000dd3      0x14b d:/avr diploma/tools/03-imt sdk/03- imt sdk/imt_sdk_win_64/winavr/bin/../lib/gcc/avr/4.3.3/avr5\libgcc.a(_unpack_sf.o)
 .debug_line    0x00000f1e      0x137 d:/avr diploma/tools/03-imt sdk/03- imt sdk/imt_sdk_win_64/winavr/bin/../lib/gcc/avr/4.3.3/avr5\libgcc.a(_fpcmp_parts_sf.o)

.debug_frame    0x00000000      0x1a0
 *(.debug_frame)
 .debug_frame   0x00000000       0x20 d:/avr diploma/tools/03-imt sdk/03- imt sdk/imt_sdk_win_64/winavr/bin/../lib/gcc/avr/4.3.3/avr5\libgcc.a(_fixunssfsi.o)
 .debug_frame   0x00000020       0x40 d:/avr diploma/tools/03-imt sdk/03- imt sdk/imt_sdk_win_64/winavr/bin/../lib/gcc/avr/4.3.3/avr5\libgcc.a(_addsub_sf.o)
 .debug_frame   0x00000060       0x20 d:/avr diploma/tools/03-imt sdk/03- imt sdk/imt_sdk_win_64/winavr/bin/../lib/gcc/avr/4.3.3/avr5\libgcc.a(_mul_sf.o)
 .debug_frame   0x00000080       0x20 d:/avr diploma/tools/03-imt sdk/03- imt sdk/imt_sdk_win_64/winavr/bin/../lib/gcc/avr/4.3.3/avr5\libgcc.a(_div_sf.o)
 .debug_frame   0x000000a0       0x20 d:/avr diploma/tools/03-imt sdk/03- imt sdk/imt_sdk_win_64/winavr/bin/../lib/gcc/avr/4.3.3/avr5\libgcc.a(_gt_sf.o)
 .debug_frame   0x000000c0       0x20 d:/avr diploma/tools/03-imt sdk/03- imt sdk/imt_sdk_win_64/winavr/bin/../lib/gcc/avr/4.3.3/avr5\libgcc.a(_ge_sf.o)
 .debug_frame   0x000000e0       0x20 d:/avr diploma/tools/03-imt sdk/03- imt sdk/imt_sdk_win_64/winavr/bin/../lib/gcc/avr/4.3.3/avr5\libgcc.a(_lt_sf.o)
 .debug_frame   0x00000100       0x20 d:/avr diploma/tools/03-imt sdk/03- imt sdk/imt_sdk_win_64/winavr/bin/../lib/gcc/avr/4.3.3/avr5\libgcc.a(_le_sf.o)
 .debug_frame   0x00000120       0x20 d:/avr diploma/tools/03-imt sdk/03- imt sdk/imt_sdk_win_64/winavr/bin/../lib/gcc/avr/4.3.3/avr5\libgcc.a(_sf_to_si.o)
 .debug_frame   0x00000140       0x20 d:/avr diploma/tools/03-imt sdk/03- imt sdk/imt_sdk_win_64/winavr/bin/../lib/gcc/avr/4.3.3/avr5\libgcc.a(_pack_sf.o)
 .debug_frame   0x00000160       0x20 d:/avr diploma/tools/03-imt sdk/03- imt sdk/imt_sdk_win_64/winavr/bin/../lib/gcc/avr/4.3.3/avr5\libgcc.a(_unpack_sf.o)
 .debug_frame   0x00000180       0x20 d:/avr diploma/tools/03-imt sdk/03- imt sdk/imt_sdk_win_64/winavr/bin/../lib/gcc/avr/4.3.3/avr5\libgcc.a(_fpcmp_parts_sf.o)

.debug_str      0x00000000      0x2ca
 *(.debug_str)
 .debug_str     0x00000000       0xbf d:/avr diploma/tools/03-imt sdk/03- imt sdk/imt_sdk_win_64/winavr/bin/../lib/gcc/avr/4.3.3/avr5\libgcc.a(_fixunssfsi.o)
                                 0xfe (size before relaxing)
 .debug_str     0x000000bf      0x14d d:/avr diploma/tools/03-imt sdk/03- imt sdk/imt_sdk_win_64/winavr/bin/../lib/gcc/avr/4.3.3/avr5\libgcc.a(_addsub_sf.o)
                                0x206 (size before relaxing)
 .debug_str     0x0000020c       0x27 d:/avr diploma/tools/03-imt sdk/03- imt sdk/imt_sdk_win_64/winavr/bin/../lib/gcc/avr/4.3.3/avr5\libgcc.a(_mul_sf.o)
                                0x1bf (size before relaxing)
 .debug_str     0x00000233       0x35 d:/avr diploma/tools/03-imt sdk/03- imt sdk/imt_sdk_win_64/winavr/bin/../lib/gcc/avr/4.3.3/avr5\libgcc.a(_div_sf.o)
                                0x1c8 (size before relaxing)
 .debug_str     0x00000268        0xf d:/avr diploma/tools/03-imt sdk/03- imt sdk/imt_sdk_win_64/winavr/bin/../lib/gcc/avr/4.3.3/avr5\libgcc.a(_gt_sf.o)
                                0x195 (size before relaxing)
 .debug_str     0x00000277        0x8 d:/avr diploma/tools/03-imt sdk/03- imt sdk/imt_sdk_win_64/winavr/bin/../lib/gcc/avr/4.3.3/avr5\libgcc.a(_ge_sf.o)
                                0x195 (size before relaxing)
 .debug_str     0x0000027f        0x8 d:/avr diploma/tools/03-imt sdk/03- imt sdk/imt_sdk_win_64/winavr/bin/../lib/gcc/avr/4.3.3/avr5\libgcc.a(_lt_sf.o)
                                0x195 (size before relaxing)
 .debug_str     0x00000287        0x8 d:/avr diploma/tools/03-imt sdk/03- imt sdk/imt_sdk_win_64/winavr/bin/../lib/gcc/avr/4.3.3/avr5\libgcc.a(_le_sf.o)
                                0x195 (size before relaxing)
 .debug_str     0x0000028f        0xa d:/avr diploma/tools/03-imt sdk/03- imt sdk/imt_sdk_win_64/winavr/bin/../lib/gcc/avr/4.3.3/avr5\libgcc.a(_sf_to_si.o)
                                0x19e (size before relaxing)
 .debug_str     0x00000000      0x103 d:/avr diploma/tools/03-imt sdk/03- imt sdk/imt_sdk_win_64/winavr/bin/../lib/gcc/avr/4.3.3/avr5\libgcc.a(_thenan_sf.o)
 .debug_str     0x00000299       0x16 d:/avr diploma/tools/03-imt sdk/03- imt sdk/imt_sdk_win_64/winavr/bin/../lib/gcc/avr/4.3.3/avr5\libgcc.a(_pack_sf.o)
                                0x19d (size before relaxing)
 .debug_str     0x000002af        0xb d:/avr diploma/tools/03-imt sdk/03- imt sdk/imt_sdk_win_64/winavr/bin/../lib/gcc/avr/4.3.3/avr5\libgcc.a(_unpack_sf.o)
                                0x17f (size before relaxing)
 .debug_str     0x000002ba       0x10 d:/avr diploma/tools/03-imt sdk/03- imt sdk/imt_sdk_win_64/winavr/bin/../lib/gcc/avr/4.3.3/avr5\libgcc.a(_fpcmp_parts_sf.o)
                                0x163 (size before relaxing)

.debug_loc      0x00000000      0x8ca
 *(.debug_loc)
 .debug_loc     0x00000000       0x34 d:/avr diploma/tools/03-imt sdk/03- imt sdk/imt_sdk_win_64/winavr/bin/../lib/gcc/avr/4.3.3/avr5\libgcc.a(_fixunssfsi.o)
 .debug_loc     0x00000034      0x32a d:/avr diploma/tools/03-imt sdk/03- imt sdk/imt_sdk_win_64/winavr/bin/../lib/gcc/avr/4.3.3/avr5\libgcc.a(_addsub_sf.o)
 .debug_loc     0x0000035e      0x104 d:/avr diploma/tools/03-imt sdk/03- imt sdk/imt_sdk_win_64/winavr/bin/../lib/gcc/avr/4.3.3/avr5\libgcc.a(_mul_sf.o)
 .debug_loc     0x00000462       0xc0 d:/avr diploma/tools/03-imt sdk/03- imt sdk/imt_sdk_win_64/winavr/bin/../lib/gcc/avr/4.3.3/avr5\libgcc.a(_div_sf.o)
 .debug_loc     0x00000522       0x3c d:/avr diploma/tools/03-imt sdk/03- imt sdk/imt_sdk_win_64/winavr/bin/../lib/gcc/avr/4.3.3/avr5\libgcc.a(_gt_sf.o)
 .debug_loc     0x0000055e       0x3c d:/avr diploma/tools/03-imt sdk/03- imt sdk/imt_sdk_win_64/winavr/bin/../lib/gcc/avr/4.3.3/avr5\libgcc.a(_ge_sf.o)
 .debug_loc     0x0000059a       0x3c d:/avr diploma/tools/03-imt sdk/03- imt sdk/imt_sdk_win_64/winavr/bin/../lib/gcc/avr/4.3.3/avr5\libgcc.a(_lt_sf.o)
 .debug_loc     0x000005d6       0x3c d:/avr diploma/tools/03-imt sdk/03- imt sdk/imt_sdk_win_64/winavr/bin/../lib/gcc/avr/4.3.3/avr5\libgcc.a(_le_sf.o)
 .debug_loc     0x00000612       0x7e d:/avr diploma/tools/03-imt sdk/03- imt sdk/imt_sdk_win_64/winavr/bin/../lib/gcc/avr/4.3.3/avr5\libgcc.a(_sf_to_si.o)
 .debug_loc     0x00000690      0x13e d:/avr diploma/tools/03-imt sdk/03- imt sdk/imt_sdk_win_64/winavr/bin/../lib/gcc/avr/4.3.3/avr5\libgcc.a(_pack_sf.o)
 .debug_loc     0x000007ce       0xac d:/avr diploma/tools/03-imt sdk/03- imt sdk/imt_sdk_win_64/winavr/bin/../lib/gcc/avr/4.3.3/avr5\libgcc.a(_unpack_sf.o)
 .debug_loc     0x0000087a       0x50 d:/avr diploma/tools/03-imt sdk/03- imt sdk/imt_sdk_win_64/winavr/bin/../lib/gcc/avr/4.3.3/avr5\libgcc.a(_fpcmp_parts_sf.o)

.debug_macinfo
 *(.debug_macinfo)
OUTPUT(FINAL.elf elf32-avr)
LOAD linker stubs

.debug_ranges   0x00000000       0x50
 .debug_ranges  0x00000000       0x50 d:/avr diploma/tools/03-imt sdk/03- imt sdk/imt_sdk_win_64/winavr/bin/../lib/gcc/avr/4.3.3/avr5\libgcc.a(_mul_sf.o)
